******************************************************************************
             TMS320C2000 Linker PC v6.2.4                      
******************************************************************************
>> Linked Wed May 14 12:14:59 2014

OUTPUT FILE NAME:   <test_v5.out>
ENTRY POINT SYMBOL: "code_start"  address: 00000000


MEMORY CONFIGURATION

         name            origin    length      used     unused   attr    fill
----------------------  --------  ---------  --------  --------  ----  --------
PAGE 0:
  BEGIN                 00000000   00000002  00000002  00000000  RWIX
  RAMM0                 00000050   000003b0  00000000  000003b0  RWIX
  RAML0                 00008000   00001000  00000099  00000f67  RWIX
  RAML1                 00009000   00001000  00000c9c  00000364  RWIX
  RAML2                 0000a000   00001000  00000000  00001000  RWIX
  RAML3                 0000b000   00001000  00000000  00001000  RWIX
  ZONE7A                00200000   0000fc00  00000000  0000fc00  RWIX
  CSM_RSVD              0033ff80   00000076  00000000  00000076  RWIX
  CSM_PWL               0033fff8   00000008  00000000  00000008  RWIX
  ADC_CAL               00380080   00000009  00000007  00000002  RWIX
  IQTABLES              003fe000   00000b50  00000000  00000b50  RWIX
  IQTABLES2             003feb50   0000008c  00000000  0000008c  RWIX
  FPUTABLES             003febdc   000006a0  00000000  000006a0  RWIX
  BOOTROM               003ff27c   00000d44  00000000  00000d44  RWIX
  RESET                 003fffc0   00000002  00000000  00000002  RWIX

PAGE 1:
  BOOT_RSVD             00000002   0000004e  00000000  0000004e  RWIX
  RAMM1                 00000400   00000400  00000380  00000080  RWIX
  DEV_EMU               00000880   00000180  000000d0  000000b0  RWIX
  FLASH_REGS            00000a80   00000060  00000008  00000058  RWIX
  CSM                   00000ae0   00000010  00000010  00000000  RWIX
  ADC_MIRROR            00000b00   00000010  00000010  00000000  RWIX
  XINTF                 00000b20   00000020  0000001e  00000002  RWIX
  CPU_TIMER0            00000c00   00000008  00000008  00000000  RWIX
  CPU_TIMER1            00000c08   00000008  00000008  00000000  RWIX
  CPU_TIMER2            00000c10   00000008  00000008  00000000  RWIX
  PIE_CTRL              00000ce0   00000020  0000001a  00000006  RWIX
  PIE_VECT              00000d00   00000100  00000100  00000000  RWIX
  DMA                   00001000   00000200  000000e0  00000120  RWIX
  MCBSPA                00005000   00000040  00000025  0000001b  RWIX
  MCBSPB                00005040   00000040  00000025  0000001b  RWIX
  ECANA                 00006000   00000040  00000034  0000000c  RWIX
  ECANA_LAM             00006040   00000040  00000040  00000000  RWIX
  ECANA_MOTS            00006080   00000040  00000040  00000000  RWIX
  ECANA_MOTO            000060c0   00000040  00000040  00000000  RWIX
  ECANA_MBOX            00006100   00000100  00000100  00000000  RWIX
  ECANB                 00006200   00000040  00000034  0000000c  RWIX
  ECANB_LAM             00006240   00000040  00000040  00000000  RWIX
  ECANB_MOTS            00006280   00000040  00000040  00000000  RWIX
  ECANB_MOTO            000062c0   00000040  00000040  00000000  RWIX
  ECANB_MBOX            00006300   00000100  00000100  00000000  RWIX
  EPWM1                 00006800   00000022  00000022  00000000  RWIX
  EPWM2                 00006840   00000022  00000022  00000000  RWIX
  EPWM3                 00006880   00000022  00000022  00000000  RWIX
  EPWM4                 000068c0   00000022  00000022  00000000  RWIX
  EPWM5                 00006900   00000022  00000022  00000000  RWIX
  EPWM6                 00006940   00000022  00000022  00000000  RWIX
  ECAP1                 00006a00   00000020  00000020  00000000  RWIX
  ECAP2                 00006a20   00000020  00000020  00000000  RWIX
  ECAP3                 00006a40   00000020  00000020  00000000  RWIX
  ECAP4                 00006a60   00000020  00000020  00000000  RWIX
  ECAP5                 00006a80   00000020  00000020  00000000  RWIX
  ECAP6                 00006aa0   00000020  00000020  00000000  RWIX
  EQEP1                 00006b00   00000040  00000040  00000000  RWIX
  EQEP2                 00006b40   00000040  00000040  00000000  RWIX
  GPIOCTRL              00006f80   00000040  0000002e  00000012  RWIX
  GPIODAT               00006fc0   00000020  00000020  00000000  RWIX
  GPIOINT               00006fe0   00000020  0000000a  00000016  RWIX
  SYSTEM                00007010   00000020  00000020  00000000  RWIX
  SPIA                  00007040   00000010  00000010  00000000  RWIX
  SCIA                  00007050   00000010  00000010  00000000  RWIX
  XINTRUPT              00007070   00000010  00000010  00000000  RWIX
  ADC                   00007100   00000020  0000001e  00000002  RWIX
  SCIB                  00007750   00000010  00000010  00000000  RWIX
  SCIC                  00007770   00000010  00000010  00000000  RWIX
  I2CA                  00007900   00000040  00000022  0000001e  RWIX
  RAML4                 0000c000   00001000  00000054  00000fac  RWIX
  RAML5                 0000d000   00001000  00000110  00000ef0  RWIX
  RAML6                 0000e000   00001000  00000000  00001000  RWIX
  RAML7                 0000f000   00001000  00000000  00001000  RWIX
  ZONE7B                0020fc00   00000400  00000000  00000400  RWIX
  CSM_PWL               0033fff8   00000008  00000008  00000000  RWIX
  PARTID                00380090   00000001  00000001  00000000  RWIX


SECTION ALLOCATION MAP

 output                                  attributes/
section   page    origin      length       input sections
--------  ----  ----------  ----------   ----------------
codestart 
*          0    00000000    00000002     
                  00000000    00000002     DSP2833x_CodeStartBranch.obj (codestart)

.pinit     0    00008000    00000000     UNINITIALIZED

.cinit     0    00008000    0000007a     
                  00008000    00000064     main.obj (.cinit)
                  00008064    0000000a     rts2800_fpu32.lib : _lock.obj (.cinit)
                  0000806e    0000000a                       : exit.obj (.cinit)
                  00008078    00000002     --HOLE-- [fill = 0]

ramfuncs   0    0000807a    0000001f     
                  0000807a    0000001b     DSP2833x_SysCtrl.obj (ramfuncs)
                  00008095    00000004     DSP2833x_usDelay.obj (ramfuncs)

.text      0    00009000    00000c9c     
                  00009000    0000066b     main.obj (.text)
                  0000966b    00000316     DSP2833x_DefaultIsr.obj (.text:retain)
                  00009981    00000143     main.obj (.text:retain)
                  00009ac4    000000f3     DSP2833x_SysCtrl.obj (.text)
                  00009bb7    00000046     rts2800_fpu32.lib : boot.obj (.text)
                  00009bfd    00000028     DSP2833x_PieCtrl.obj (.text)
                  00009c25    00000020     DSP2833x_PieVect.obj (.text)
                  00009c45    00000019     rts2800_fpu32.lib : args_main.obj (.text)
                  00009c5e    00000019                       : exit.obj (.text)
                  00009c77    00000014     DSP2833x_Adc.obj (.text)
                  00009c8b    00000009     rts2800_fpu32.lib : _lock.obj (.text)
                  00009c94    00000008     DSP2833x_CodeStartBranch.obj (.text)

csm_rsvd   0    0033ff80    00000000     DSECT

csmpasswds 
*          0    0033fff8    00000000     DSECT

.adc_cal   0    00380080    00000007     NOLOAD SECTION
                  00380080    00000007     DSP2833x_ADC_cal.obj (.adc_cal)

.reset     0    003fffc0    00000002     DSECT
                  003fffc0    00000002     rts2800_fpu32.lib : boot.obj (.reset)

.stack     1    00000400    00000380     UNINITIALIZED
                  00000400    00000380     --HOLE--

DevEmuRegsFile 
*          1    00000880    000000d0     UNINITIALIZED
                  00000880    000000d0     DSP2833x_GlobalVariableDefs.obj (DevEmuRegsFile)

FlashRegsFile 
*          1    00000a80    00000008     UNINITIALIZED
                  00000a80    00000008     DSP2833x_GlobalVariableDefs.obj (FlashRegsFile)

CsmRegsFile 
*          1    00000ae0    00000010     UNINITIALIZED
                  00000ae0    00000010     DSP2833x_GlobalVariableDefs.obj (CsmRegsFile)

AdcMirrorFile 
*          1    00000b00    00000010     UNINITIALIZED
                  00000b00    00000010     DSP2833x_GlobalVariableDefs.obj (AdcMirrorFile)

XintfRegsFile 
*          1    00000b20    0000001e     UNINITIALIZED
                  00000b20    0000001e     DSP2833x_GlobalVariableDefs.obj (XintfRegsFile)

CpuTimer0RegsFile 
*          1    00000c00    00000008     UNINITIALIZED
                  00000c00    00000008     DSP2833x_GlobalVariableDefs.obj (CpuTimer0RegsFile)

CpuTimer1RegsFile 
*          1    00000c08    00000008     UNINITIALIZED
                  00000c08    00000008     DSP2833x_GlobalVariableDefs.obj (CpuTimer1RegsFile)

CpuTimer2RegsFile 
*          1    00000c10    00000008     UNINITIALIZED
                  00000c10    00000008     DSP2833x_GlobalVariableDefs.obj (CpuTimer2RegsFile)

PieCtrlRegsFile 
*          1    00000ce0    0000001a     UNINITIALIZED
                  00000ce0    0000001a     DSP2833x_GlobalVariableDefs.obj (PieCtrlRegsFile)

PieVectTableFile 
*          1    00000d00    00000100     UNINITIALIZED
                  00000d00    00000100     DSP2833x_GlobalVariableDefs.obj (PieVectTableFile)

DmaRegsFile 
*          1    00001000    000000e0     UNINITIALIZED
                  00001000    000000e0     DSP2833x_GlobalVariableDefs.obj (DmaRegsFile)

McbspaRegsFile 
*          1    00005000    00000025     UNINITIALIZED
                  00005000    00000025     DSP2833x_GlobalVariableDefs.obj (McbspaRegsFile)

McbspbRegsFile 
*          1    00005040    00000025     UNINITIALIZED
                  00005040    00000025     DSP2833x_GlobalVariableDefs.obj (McbspbRegsFile)

ECanaRegsFile 
*          1    00006000    00000034     UNINITIALIZED
                  00006000    00000034     DSP2833x_GlobalVariableDefs.obj (ECanaRegsFile)

ECanaLAMRegsFile 
*          1    00006040    00000040     UNINITIALIZED
                  00006040    00000040     DSP2833x_GlobalVariableDefs.obj (ECanaLAMRegsFile)

ECanaMOTSRegsFile 
*          1    00006080    00000040     UNINITIALIZED
                  00006080    00000040     DSP2833x_GlobalVariableDefs.obj (ECanaMOTSRegsFile)

ECanaMOTORegsFile 
*          1    000060c0    00000040     UNINITIALIZED
                  000060c0    00000040     DSP2833x_GlobalVariableDefs.obj (ECanaMOTORegsFile)

ECanaMboxesFile 
*          1    00006100    00000100     UNINITIALIZED
                  00006100    00000100     DSP2833x_GlobalVariableDefs.obj (ECanaMboxesFile)

ECanbRegsFile 
*          1    00006200    00000034     UNINITIALIZED
                  00006200    00000034     DSP2833x_GlobalVariableDefs.obj (ECanbRegsFile)

ECanbLAMRegsFile 
*          1    00006240    00000040     UNINITIALIZED
                  00006240    00000040     DSP2833x_GlobalVariableDefs.obj (ECanbLAMRegsFile)

ECanbMOTSRegsFile 
*          1    00006280    00000040     UNINITIALIZED
                  00006280    00000040     DSP2833x_GlobalVariableDefs.obj (ECanbMOTSRegsFile)

ECanbMOTORegsFile 
*          1    000062c0    00000040     UNINITIALIZED
                  000062c0    00000040     DSP2833x_GlobalVariableDefs.obj (ECanbMOTORegsFile)

ECanbMboxesFile 
*          1    00006300    00000100     UNINITIALIZED
                  00006300    00000100     DSP2833x_GlobalVariableDefs.obj (ECanbMboxesFile)

EPwm1RegsFile 
*          1    00006800    00000022     UNINITIALIZED
                  00006800    00000022     DSP2833x_GlobalVariableDefs.obj (EPwm1RegsFile)

EPwm2RegsFile 
*          1    00006840    00000022     UNINITIALIZED
                  00006840    00000022     DSP2833x_GlobalVariableDefs.obj (EPwm2RegsFile)

EPwm3RegsFile 
*          1    00006880    00000022     UNINITIALIZED
                  00006880    00000022     DSP2833x_GlobalVariableDefs.obj (EPwm3RegsFile)

EPwm4RegsFile 
*          1    000068c0    00000022     UNINITIALIZED
                  000068c0    00000022     DSP2833x_GlobalVariableDefs.obj (EPwm4RegsFile)

EPwm5RegsFile 
*          1    00006900    00000022     UNINITIALIZED
                  00006900    00000022     DSP2833x_GlobalVariableDefs.obj (EPwm5RegsFile)

EPwm6RegsFile 
*          1    00006940    00000022     UNINITIALIZED
                  00006940    00000022     DSP2833x_GlobalVariableDefs.obj (EPwm6RegsFile)

ECap1RegsFile 
*          1    00006a00    00000020     UNINITIALIZED
                  00006a00    00000020     DSP2833x_GlobalVariableDefs.obj (ECap1RegsFile)

ECap2RegsFile 
*          1    00006a20    00000020     UNINITIALIZED
                  00006a20    00000020     DSP2833x_GlobalVariableDefs.obj (ECap2RegsFile)

ECap3RegsFile 
*          1    00006a40    00000020     UNINITIALIZED
                  00006a40    00000020     DSP2833x_GlobalVariableDefs.obj (ECap3RegsFile)

ECap4RegsFile 
*          1    00006a60    00000020     UNINITIALIZED
                  00006a60    00000020     DSP2833x_GlobalVariableDefs.obj (ECap4RegsFile)

ECap5RegsFile 
*          1    00006a80    00000020     UNINITIALIZED
                  00006a80    00000020     DSP2833x_GlobalVariableDefs.obj (ECap5RegsFile)

ECap6RegsFile 
*          1    00006aa0    00000020     UNINITIALIZED
                  00006aa0    00000020     DSP2833x_GlobalVariableDefs.obj (ECap6RegsFile)

EQep1RegsFile 
*          1    00006b00    00000040     UNINITIALIZED
                  00006b00    00000040     DSP2833x_GlobalVariableDefs.obj (EQep1RegsFile)

EQep2RegsFile 
*          1    00006b40    00000040     UNINITIALIZED
                  00006b40    00000040     DSP2833x_GlobalVariableDefs.obj (EQep2RegsFile)

GpioCtrlRegsFile 
*          1    00006f80    0000002e     UNINITIALIZED
                  00006f80    0000002e     DSP2833x_GlobalVariableDefs.obj (GpioCtrlRegsFile)

GpioDataRegsFile 
*          1    00006fc0    00000020     UNINITIALIZED
                  00006fc0    00000020     DSP2833x_GlobalVariableDefs.obj (GpioDataRegsFile)

GpioIntRegsFile 
*          1    00006fe0    0000000a     UNINITIALIZED
                  00006fe0    0000000a     DSP2833x_GlobalVariableDefs.obj (GpioIntRegsFile)

SysCtrlRegsFile 
*          1    00007010    00000020     UNINITIALIZED
                  00007010    00000020     DSP2833x_GlobalVariableDefs.obj (SysCtrlRegsFile)

SpiaRegsFile 
*          1    00007040    00000010     UNINITIALIZED
                  00007040    00000010     DSP2833x_GlobalVariableDefs.obj (SpiaRegsFile)

SciaRegsFile 
*          1    00007050    00000010     UNINITIALIZED
                  00007050    00000010     DSP2833x_GlobalVariableDefs.obj (SciaRegsFile)

XIntruptRegsFile 
*          1    00007070    00000010     UNINITIALIZED
                  00007070    00000010     DSP2833x_GlobalVariableDefs.obj (XIntruptRegsFile)

AdcRegsFile 
*          1    00007100    0000001e     UNINITIALIZED
                  00007100    0000001e     DSP2833x_GlobalVariableDefs.obj (AdcRegsFile)

ScibRegsFile 
*          1    00007750    00000010     UNINITIALIZED
                  00007750    00000010     DSP2833x_GlobalVariableDefs.obj (ScibRegsFile)

ScicRegsFile 
*          1    00007770    00000010     UNINITIALIZED
                  00007770    00000010     DSP2833x_GlobalVariableDefs.obj (ScicRegsFile)

I2caRegsFile 
*          1    00007900    00000022     UNINITIALIZED
                  00007900    00000022     DSP2833x_GlobalVariableDefs.obj (I2caRegsFile)

.ebss      1    0000c000    00000054     UNINITIALIZED
                  0000c000    0000004c     main.obj (.ebss)
                  0000c04c    00000004     rts2800_fpu32.lib : _lock.obj (.ebss)
                  0000c050    00000004                       : exit.obj (.ebss)

.econst    1    0000d000    00000110     
                  0000d000    00000100     DSP2833x_PieVect.obj (.econst)
                  0000d100    00000008     main.obj (.econst:_$P$T0$1)
                  0000d108    00000008     main.obj (.econst:_$P$T1$2)

CsmPwlFile 
*          1    0033fff8    00000008     UNINITIALIZED
                  0033fff8    00000008     DSP2833x_GlobalVariableDefs.obj (CsmPwlFile)

PartIdRegsFile 
*          1    00380090    00000001     UNINITIALIZED
                  00380090    00000001     DSP2833x_GlobalVariableDefs.obj (PartIdRegsFile)


GLOBAL DATA SYMBOLS: SORTED BY DATA PAGE

address     data page           name
--------    ----------------    ----
00000400      10 (00000400)     __stack

00000880      22 (00000880)     _DevEmuRegs

00000a80      2a (00000a80)     _FlashRegs

00000ae0      2b (00000ac0)     _CsmRegs

00000b00      2c (00000b00)     _AdcMirror
00000b20      2c (00000b00)     _XintfRegs

00000c00      30 (00000c00)     _CpuTimer0Regs
00000c08      30 (00000c00)     _CpuTimer1Regs
00000c10      30 (00000c00)     _CpuTimer2Regs

00000ce0      33 (00000cc0)     _PieCtrlRegs

00000d00      34 (00000d00)     _PieVectTable

00001000      40 (00001000)     _DmaRegs

00005000     140 (00005000)     _McbspaRegs

00005040     141 (00005040)     _McbspbRegs

00006000     180 (00006000)     _ECanaRegs

00006040     181 (00006040)     _ECanaLAMRegs

00006080     182 (00006080)     _ECanaMOTSRegs

000060c0     183 (000060c0)     _ECanaMOTORegs

00006100     184 (00006100)     _ECanaMboxes

00006200     188 (00006200)     _ECanbRegs

00006240     189 (00006240)     _ECanbLAMRegs

00006280     18a (00006280)     _ECanbMOTSRegs

000062c0     18b (000062c0)     _ECanbMOTORegs

00006300     18c (00006300)     _ECanbMboxes

00006800     1a0 (00006800)     _EPwm1Regs

00006840     1a1 (00006840)     _EPwm2Regs

00006880     1a2 (00006880)     _EPwm3Regs

000068c0     1a3 (000068c0)     _EPwm4Regs

00006900     1a4 (00006900)     _EPwm5Regs

00006940     1a5 (00006940)     _EPwm6Regs

00006a00     1a8 (00006a00)     _ECap1Regs
00006a20     1a8 (00006a00)     _ECap2Regs

00006a40     1a9 (00006a40)     _ECap3Regs
00006a60     1a9 (00006a40)     _ECap4Regs

00006a80     1aa (00006a80)     _ECap5Regs
00006aa0     1aa (00006a80)     _ECap6Regs

00006b00     1ac (00006b00)     _EQep1Regs

00006b40     1ad (00006b40)     _EQep2Regs

00006f80     1be (00006f80)     _GpioCtrlRegs

00006fc0     1bf (00006fc0)     _GpioDataRegs
00006fe0     1bf (00006fc0)     _GpioIntRegs

00007010     1c0 (00007000)     _SysCtrlRegs

00007040     1c1 (00007040)     _SpiaRegs
00007050     1c1 (00007040)     _SciaRegs
00007070     1c1 (00007040)     _XIntruptRegs

00007100     1c4 (00007100)     _AdcRegs

00007750     1dd (00007740)     _ScibRegs
00007770     1dd (00007740)     _ScicRegs

00007900     1e4 (00007900)     _I2caRegs

0000c000     300 (0000c000)     _Position_sampy3
0000c001     300 (0000c000)     _Current_samp2
0000c002     300 (0000c000)     _Current_samp3
0000c003     300 (0000c000)     _Position_sampy4
0000c004     300 (0000c000)     _Current_samp1
0000c005     300 (0000c000)     _Position_sampy2
0000c006     300 (0000c000)     _Position_sampx2
0000c007     300 (0000c000)     _Position_sampx1
0000c008     300 (0000c000)     _Position_sampx4
0000c009     300 (0000c000)     _Position_sampx3
0000c00a     300 (0000c000)     _Position_sampy1
0000c010     300 (0000c000)     _Current_samp5
0000c011     300 (0000c000)     _Current_samp4
0000c012     300 (0000c000)     _Current_samp6
0000c013     300 (0000c000)     _Current_samp8
0000c014     300 (0000c000)     _Current_samp7
0000c015     300 (0000c000)     _InterruptCount
0000c016     300 (0000c000)     _BB_cntrl_flag
0000c017     300 (0000c000)     _IdleCount
0000c018     300 (0000c000)     _Position_PID_cntrl_flag_y
0000c01a     300 (0000c000)     _Position_PID_cntrl_flag_x
0000c01b     300 (0000c000)     _Position_Sampled_Flag_x
0000c01c     300 (0000c000)     _Position_Sampled_Flag_y
0000c02e     300 (0000c000)     _Delta_Setpoint
0000c030     300 (0000c000)     _Time_counter

0000c04c     301 (0000c040)     __unlock
0000c04e     301 (0000c040)     __lock
0000c050     301 (0000c040)     ___TI_cleanup_ptr
0000c052     301 (0000c040)     ___TI_dtors_ptr

0000d000     340 (0000d000)     _PieVectTableInit

0033fff8    cfff (0033ffc0)     _CsmPwl

00380090    e002 (00380080)     _PartIdRegs


GLOBAL SYMBOLS: SORTED ALPHABETICALLY BY Name 

address    name
--------   ----
00009000   .text
00009c5e   C$$EXIT
00009751   _ADCINT_ISR
00380080   _ADC_cal
00000b00   _AdcMirror
00007100   _AdcRegs
0000c016   _BB_cntrl_flag
0000914d   _Bang_Bang_Cntrl
00000c00   _CpuTimer0Regs
00000c08   _CpuTimer1Regs
00000c10   _CpuTimer2Regs
0033fff8   _CsmPwl
00000ae0   _CsmRegs
00009b86   _CsmUnlock
0000c004   _Current_samp1
0000c001   _Current_samp2
0000c002   _Current_samp3
0000c011   _Current_samp4
0000c010   _Current_samp5
0000c012   _Current_samp6
0000c014   _Current_samp7
0000c013   _Current_samp8
0000967f   _DATALOG_ISR
00009873   _DINTCH1_ISR
0000987d   _DINTCH2_ISR
00009887   _DINTCH3_ISR
00009891   _DINTCH4_ISR
0000989b   _DINTCH5_ISR
000098a5   _DINTCH6_ISR
00008095   _DSP28x_usDelay
0000c02e   _Delta_Setpoint
00000880   _DevEmuRegs
00009363   _Digital_Filter_2nd_order_x
000093e9   _Digital_Filter_2nd_order_y
00009ad7   _DisableDog
00001000   _DmaRegs
000098ff   _ECAN0INTA_ISR
00009913   _ECAN0INTB_ISR
00009909   _ECAN1INTA_ISR
0000991d   _ECAN1INTB_ISR
000097e7   _ECAP1_INT_ISR
000097f1   _ECAP2_INT_ISR
000097fb   _ECAP3_INT_ISR
00009805   _ECAP4_INT_ISR
0000980f   _ECAP5_INT_ISR
00009819   _ECAP6_INT_ISR
00006040   _ECanaLAMRegs
000060c0   _ECanaMOTORegs
00006080   _ECanaMOTSRegs
00006100   _ECanaMboxes
00006000   _ECanaRegs
00006240   _ECanbLAMRegs
000062c0   _ECanbMOTORegs
00006280   _ECanbMOTSRegs
00006300   _ECanbMboxes
00006200   _ECanbRegs
00006a00   _ECap1Regs
00006a20   _ECap2Regs
00006a40   _ECap3Regs
00006a60   _ECap4Regs
00006a80   _ECap5Regs
00006aa0   _ECap6Regs
00009693   _EMUINT_ISR
000097ab   _EPWM1_INT_ISR
0000976f   _EPWM1_TZINT_ISR
00009aaf   _EPWM1_isr
000097b5   _EPWM2_INT_ISR
00009779   _EPWM2_TZINT_ISR
000097bf   _EPWM3_INT_ISR
00009783   _EPWM3_TZINT_ISR
000097c9   _EPWM4_INT_ISR
0000978d   _EPWM4_TZINT_ISR
000097d3   _EPWM5_INT_ISR
00009797   _EPWM5_TZINT_ISR
000097dd   _EPWM6_INT_ISR
000097a1   _EPWM6_TZINT_ISR
00006800   _EPwm1Regs
00006840   _EPwm2Regs
00006880   _EPwm3Regs
000068c0   _EPwm4Regs
00006900   _EPwm5Regs
00006940   _EPwm6Regs
00009823   _EQEP1_INT_ISR
0000982d   _EQEP2_INT_ISR
00006b00   _EQep1Regs
00006b40   _EQep2Regs
00009c1c   _EnableInterrupts
00000a80   _FlashRegs
0000946f   _GPIO_setup
00006f80   _GpioCtrlRegs
00006fc0   _GpioDataRegs
00006fe0   _GpioIntRegs
000098af   _I2CINT1A_ISR
000098b9   _I2CINT2A_ISR
00007900   _I2caRegs
000096a7   _ILLEGAL_ISR
0000966b   _INT13_ISR
00009675   _INT14_ISR
0000c017   _IdleCount
00009c77   _InitAdc
0000807a   _InitFlash
00009b2b   _InitPeripheralClocks
00009bfd   _InitPieCtrl
00009c25   _InitPieVectTable
00009adf   _InitPll
00009ac4   _InitSysCtrl
0000c015   _InterruptCount
00009963   _LUF_ISR
00009959   _LVF_ISR
0000985f   _MRINTA_ISR
0000984b   _MRINTB_ISR
00009869   _MXINTA_ISR
00009855   _MXINTB_ISR
00005000   _McbspaRegs
00005040   _McbspbRegs
0000969d   _NMI_ISR
0000996d   _PIE_RESERVED
00380090   _PartIdRegs
00000ce0   _PieCtrlRegs
00000d00   _PieVectTable
0000d000   _PieVectTableInit
000091e5   _Position_PID_Cntrl_x
000092a2   _Position_PID_Cntrl_y
0000c01a   _Position_PID_cntrl_flag_x
0000c018   _Position_PID_cntrl_flag_y
0000c01b   _Position_Sampled_Flag_x
0000c01c   _Position_Sampled_Flag_y
0000c007   _Position_sampx1
0000c006   _Position_sampx2
0000c009   _Position_sampx3
0000c008   _Position_sampx4
0000c00a   _Position_sampy1
0000c005   _Position_sampy2
0000c000   _Position_sampy3
0000c003   _Position_sampy4
00009689   _RTOSINT_ISR
000098d7   _SCIRXINTA_ISR
000098eb   _SCIRXINTB_ISR
000098c3   _SCIRXINTC_ISR
000098e1   _SCITXINTA_ISR
000098f5   _SCITXINTB_ISR
000098cd   _SCITXINTC_ISR
00009729   _SEQ1INT_ISR
00009733   _SEQ2INT_ISR
00009837   _SPIRXINTA_ISR
00009841   _SPITXINTA_ISR
00007050   _SciaRegs
00007750   _ScibRegs
00007770   _ScicRegs
00009acd   _ServiceDog
00007040   _SpiaRegs
00007010   _SysCtrlRegs
0000975b   _TINT0_ISR
0000c030   _Time_counter
0000970b   _USER10_ISR
00009715   _USER11_ISR
0000971f   _USER12_ISR
000096b1   _USER1_ISR
000096bb   _USER2_ISR
000096c5   _USER3_ISR
000096cf   _USER4_ISR
000096d9   _USER5_ISR
000096e3   _USER6_ISR
000096ed   _USER7_ISR
000096f7   _USER8_ISR
00009701   _USER9_ISR
00009765   _WAKEINT_ISR
0000973d   _XINT1_ISR
00009747   _XINT2_ISR
00009927   _XINT3_ISR
00009931   _XINT4_ISR
0000993b   _XINT5_ISR
00009945   _XINT6_ISR
0000994f   _XINT7_ISR
00007070   _XIntruptRegs
00000b20   _XintfRegs
00000780   __STACK_END
00000380   __STACK_SIZE
00000001   __TI_args_main
0000c050   ___TI_cleanup_ptr
0000c052   ___TI_dtors_ptr
ffffffff   ___binit__
ffffffff   ___c_args__
00008000   ___cinit__
00009c9c   ___etext__
ffffffff   ___pinit__
00009000   ___text__
00009c45   __args_main
0000c04e   __lock
00009c93   __nop
00009c8f   __register_lock
00009c8b   __register_unlock
00000400   __stack
0000c04c   __unlock
00009c5e   _abort
00009981   _adc_isr
00009bb7   _c_int00
00009c60   _exit
00009000   _main
00009977   _rsvd_ISR
ffffffff   binit
00008000   cinit
00000000   code_start
00009c9c   etext
ffffffff   pinit


GLOBAL SYMBOLS: SORTED BY Symbol Address 

address    name
--------   ----
00000000   code_start
00000001   __TI_args_main
00000380   __STACK_SIZE
00000400   __stack
00000780   __STACK_END
00000880   _DevEmuRegs
00000a80   _FlashRegs
00000ae0   _CsmRegs
00000b00   _AdcMirror
00000b20   _XintfRegs
00000c00   _CpuTimer0Regs
00000c08   _CpuTimer1Regs
00000c10   _CpuTimer2Regs
00000ce0   _PieCtrlRegs
00000d00   _PieVectTable
00001000   _DmaRegs
00005000   _McbspaRegs
00005040   _McbspbRegs
00006000   _ECanaRegs
00006040   _ECanaLAMRegs
00006080   _ECanaMOTSRegs
000060c0   _ECanaMOTORegs
00006100   _ECanaMboxes
00006200   _ECanbRegs
00006240   _ECanbLAMRegs
00006280   _ECanbMOTSRegs
000062c0   _ECanbMOTORegs
00006300   _ECanbMboxes
00006800   _EPwm1Regs
00006840   _EPwm2Regs
00006880   _EPwm3Regs
000068c0   _EPwm4Regs
00006900   _EPwm5Regs
00006940   _EPwm6Regs
00006a00   _ECap1Regs
00006a20   _ECap2Regs
00006a40   _ECap3Regs
00006a60   _ECap4Regs
00006a80   _ECap5Regs
00006aa0   _ECap6Regs
00006b00   _EQep1Regs
00006b40   _EQep2Regs
00006f80   _GpioCtrlRegs
00006fc0   _GpioDataRegs
00006fe0   _GpioIntRegs
00007010   _SysCtrlRegs
00007040   _SpiaRegs
00007050   _SciaRegs
00007070   _XIntruptRegs
00007100   _AdcRegs
00007750   _ScibRegs
00007770   _ScicRegs
00007900   _I2caRegs
00008000   ___cinit__
00008000   cinit
0000807a   _InitFlash
00008095   _DSP28x_usDelay
00009000   .text
00009000   ___text__
00009000   _main
0000914d   _Bang_Bang_Cntrl
000091e5   _Position_PID_Cntrl_x
000092a2   _Position_PID_Cntrl_y
00009363   _Digital_Filter_2nd_order_x
000093e9   _Digital_Filter_2nd_order_y
0000946f   _GPIO_setup
0000966b   _INT13_ISR
00009675   _INT14_ISR
0000967f   _DATALOG_ISR
00009689   _RTOSINT_ISR
00009693   _EMUINT_ISR
0000969d   _NMI_ISR
000096a7   _ILLEGAL_ISR
000096b1   _USER1_ISR
000096bb   _USER2_ISR
000096c5   _USER3_ISR
000096cf   _USER4_ISR
000096d9   _USER5_ISR
000096e3   _USER6_ISR
000096ed   _USER7_ISR
000096f7   _USER8_ISR
00009701   _USER9_ISR
0000970b   _USER10_ISR
00009715   _USER11_ISR
0000971f   _USER12_ISR
00009729   _SEQ1INT_ISR
00009733   _SEQ2INT_ISR
0000973d   _XINT1_ISR
00009747   _XINT2_ISR
00009751   _ADCINT_ISR
0000975b   _TINT0_ISR
00009765   _WAKEINT_ISR
0000976f   _EPWM1_TZINT_ISR
00009779   _EPWM2_TZINT_ISR
00009783   _EPWM3_TZINT_ISR
0000978d   _EPWM4_TZINT_ISR
00009797   _EPWM5_TZINT_ISR
000097a1   _EPWM6_TZINT_ISR
000097ab   _EPWM1_INT_ISR
000097b5   _EPWM2_INT_ISR
000097bf   _EPWM3_INT_ISR
000097c9   _EPWM4_INT_ISR
000097d3   _EPWM5_INT_ISR
000097dd   _EPWM6_INT_ISR
000097e7   _ECAP1_INT_ISR
000097f1   _ECAP2_INT_ISR
000097fb   _ECAP3_INT_ISR
00009805   _ECAP4_INT_ISR
0000980f   _ECAP5_INT_ISR
00009819   _ECAP6_INT_ISR
00009823   _EQEP1_INT_ISR
0000982d   _EQEP2_INT_ISR
00009837   _SPIRXINTA_ISR
00009841   _SPITXINTA_ISR
0000984b   _MRINTB_ISR
00009855   _MXINTB_ISR
0000985f   _MRINTA_ISR
00009869   _MXINTA_ISR
00009873   _DINTCH1_ISR
0000987d   _DINTCH2_ISR
00009887   _DINTCH3_ISR
00009891   _DINTCH4_ISR
0000989b   _DINTCH5_ISR
000098a5   _DINTCH6_ISR
000098af   _I2CINT1A_ISR
000098b9   _I2CINT2A_ISR
000098c3   _SCIRXINTC_ISR
000098cd   _SCITXINTC_ISR
000098d7   _SCIRXINTA_ISR
000098e1   _SCITXINTA_ISR
000098eb   _SCIRXINTB_ISR
000098f5   _SCITXINTB_ISR
000098ff   _ECAN0INTA_ISR
00009909   _ECAN1INTA_ISR
00009913   _ECAN0INTB_ISR
0000991d   _ECAN1INTB_ISR
00009927   _XINT3_ISR
00009931   _XINT4_ISR
0000993b   _XINT5_ISR
00009945   _XINT6_ISR
0000994f   _XINT7_ISR
00009959   _LVF_ISR
00009963   _LUF_ISR
0000996d   _PIE_RESERVED
00009977   _rsvd_ISR
00009981   _adc_isr
00009aaf   _EPWM1_isr
00009ac4   _InitSysCtrl
00009acd   _ServiceDog
00009ad7   _DisableDog
00009adf   _InitPll
00009b2b   _InitPeripheralClocks
00009b86   _CsmUnlock
00009bb7   _c_int00
00009bfd   _InitPieCtrl
00009c1c   _EnableInterrupts
00009c25   _InitPieVectTable
00009c45   __args_main
00009c5e   C$$EXIT
00009c5e   _abort
00009c60   _exit
00009c77   _InitAdc
00009c8b   __register_unlock
00009c8f   __register_lock
00009c93   __nop
00009c9c   ___etext__
00009c9c   etext
0000c000   _Position_sampy3
0000c001   _Current_samp2
0000c002   _Current_samp3
0000c003   _Position_sampy4
0000c004   _Current_samp1
0000c005   _Position_sampy2
0000c006   _Position_sampx2
0000c007   _Position_sampx1
0000c008   _Position_sampx4
0000c009   _Position_sampx3
0000c00a   _Position_sampy1
0000c010   _Current_samp5
0000c011   _Current_samp4
0000c012   _Current_samp6
0000c013   _Current_samp8
0000c014   _Current_samp7
0000c015   _InterruptCount
0000c016   _BB_cntrl_flag
0000c017   _IdleCount
0000c018   _Position_PID_cntrl_flag_y
0000c01a   _Position_PID_cntrl_flag_x
0000c01b   _Position_Sampled_Flag_x
0000c01c   _Position_Sampled_Flag_y
0000c02e   _Delta_Setpoint
0000c030   _Time_counter
0000c04c   __unlock
0000c04e   __lock
0000c050   ___TI_cleanup_ptr
0000c052   ___TI_dtors_ptr
0000d000   _PieVectTableInit
0033fff8   _CsmPwl
00380080   _ADC_cal
00380090   _PartIdRegs
ffffffff   ___binit__
ffffffff   ___c_args__
ffffffff   ___pinit__
ffffffff   binit
ffffffff   pinit

[205 symbols]
